--- TEST START ---
Searching for 'chainsaw man' using Scraper Engine...
Found 6 total results.
MangaDex results: 6
Mangakakalot results: 0

--- Testing MangaDex Flow ---
Selected: Chainsaw Man (ID: a77742b1-befd-49a4-bff5-1ad4e6b0ef7b)
Chapters found: 107
Testing chapter: Love, Love, Chainsaw. (ID: 77fc6e02-a381-411d-ace6-4c00deacadb4)
Images found: 23
--- TEST END ---
